venv\Scripts\python.exe : Creating test 
database for alias 'default'...
At line:1 char:1
+ venv\Scripts\python.exe manage.py test 
tests > test_output.txt 2>&1 ; ...
+ ~~~~~~~~~~~~~~~~~~~~~~~~~~~~~~~~~~~~~~~
~~~~~~~~~~~~~~~~~~~~~~~~~~~~
    + CategoryInfo          : NotSpecifi 
   ed: (Creating test d...as 'default'.  
  ..:String) [], RemoteException
    + FullyQualifiedErrorId : NativeComm 
   andError
 

............E..E.......EEEEEEEE........F.
F.F................EEE...................
..EFEF...E............F........
=========================================
=============================
ERROR: test_future_policy_series_does_not
_suppress_current_schedule_validation (te
sts.test_module_boundaries.TestModuleBoun
daries.test_future_policy_series_does_not
_suppress_current_schedule_validation)
-----------------------------------------
-----------------------------
Traceback (most recent call last):
  File "C:\Users\admiralTOUFIK\PNI\tests\
test_module_boundaries.py", line 60, in t
est_future_policy_series_does_not_suppres
s_current_schedule_validation
    ScheduleRule.objects.create(
    ^^^^^^^^^^^^
NameError: name 'ScheduleRule' is not 
defined

=========================================
=============================
ERROR: test_policy_loader_returns_active_
policy_objects (tests.test_module_boundar
ies.TestModuleBoundaries.test_policy_load
er_returns_active_policy_objects)
-----------------------------------------
-----------------------------
Traceback (most recent call last):
  File "C:\Users\admiralTOUFIK\PNI\tests\
test_module_boundaries.py", line 53, in t
est_policy_loader_returns_active_policy_o
bjects
    self.assertIn(self.dtp_group, 
loader.get_vaccine_groups())
                  ^^^^^^^^^^^^^^
AttributeError: 'TestModuleBoundaries' 
object has no attribute 'dtp_group'

=========================================
=============================
ERROR: test_dependency_rule_direct_cycle_
prevention (tests.test_prevention.TestMod
elValidationPrevention.test_dependency_ru
le_direct_cycle_prevention)
-----------------------------------------
-----------------------------
Traceback (most recent call last):
  File "C:\Users\admiralTOUFIK\PNI\tests\
test_prevention.py", line 10, in setUp
    self.group = 
VaccineGroup.objects.create(name="Test 
Group")
                 ^^^^^^^^^^^^
NameError: name 'VaccineGroup' is not 
defined

=========================================
=============================
ERROR: test_dependency_rule_requires_exis
ting_anchor_slots (tests.test_prevention.
TestModelValidationPrevention.test_depend
ency_rule_requires_existing_anchor_slots)
-----------------------------------------
-----------------------------
Traceback (most recent call last):
  File "C:\Users\admiralTOUFIK\PNI\tests\
test_prevention.py", line 10, in setUp
    self.group = 
VaccineGroup.objects.create(name="Test 
Group")
                 ^^^^^^^^^^^^
NameError: name 'VaccineGroup' is not 
defined

=========================================
=============================
ERROR: test_dependency_rule_requires_exis
ting_slots (tests.test_prevention.TestMod
elValidationPrevention.test_dependency_ru
le_requires_existing_slots)
-----------------------------------------
-----------------------------
Traceback (most recent call last):
  File "C:\Users\admiralTOUFIK\PNI\tests\
test_prevention.py", line 10, in setUp
    self.group = 
VaccineGroup.objects.create(name="Test 
Group")
                 ^^^^^^^^^^^^
NameError: name 'VaccineGroup' is not 
defined

=========================================
=============================
ERROR: test_dependency_rule_transitive_cy
cle_prevention (tests.test_prevention.Tes
tModelValidationPrevention.test_dependenc
y_rule_transitive_cycle_prevention)
-----------------------------------------
-----------------------------
Traceback (most recent call last):
  File "C:\Users\admiralTOUFIK\PNI\tests\
test_prevention.py", line 10, in setUp
    self.group = 
VaccineGroup.objects.create(name="Test 
Group")
                 ^^^^^^^^^^^^
NameError: name 'VaccineGroup' is not 
defined

=========================================
=============================
ERROR: test_group_rule_min_greater_than_m
ax_fails (tests.test_prevention.TestModel
ValidationPrevention.test_group_rule_min_
greater_than_max_fails)
-----------------------------------------
-----------------------------
Traceback (most recent call last):
  File "C:\Users\admiralTOUFIK\PNI\tests\
test_prevention.py", line 10, in setUp
    self.group = 
VaccineGroup.objects.create(name="Test 
Group")
                 ^^^^^^^^^^^^
NameError: name 'VaccineGroup' is not 
defined

=========================================
=============================
ERROR: 
test_group_rule_overlap_prevention (tests
.test_prevention.TestModelValidationPreve
ntion.test_group_rule_overlap_prevention)
-----------------------------------------
-----------------------------
Traceback (most recent call last):
  File "C:\Users\admiralTOUFIK\PNI\tests\
test_prevention.py", line 10, in setUp
    self.group = 
VaccineGroup.objects.create(name="Test 
Group")
                 ^^^^^^^^^^^^
NameError: name 'VaccineGroup' is not 
defined

=========================================
=============================
ERROR: test_schedule_rule_min_greater_tha
n_rec_fails (tests.test_prevention.TestMo
delValidationPrevention.test_schedule_rul
e_min_greater_than_rec_fails)
-----------------------------------------
-----------------------------
Traceback (most recent call last):
  File "C:\Users\admiralTOUFIK\PNI\tests\
test_prevention.py", line 10, in setUp
    self.group = 
VaccineGroup.objects.create(name="Test 
Group")
                 ^^^^^^^^^^^^
NameError: name 'VaccineGroup' is not 
defined

=========================================
=============================
ERROR: test_transition_rule_requires_dest
ination_slot_coverage (tests.test_prevent
ion.TestModelValidationPrevention.test_tr
ansition_rule_requires_destination_slot_c
overage)
-----------------------------------------
-----------------------------
Traceback (most recent call last):
  File "C:\Users\admiralTOUFIK\PNI\tests\
test_prevention.py", line 10, in setUp
    self.group = 
VaccineGroup.objects.create(name="Test 
Group")
                 ^^^^^^^^^^^^
NameError: name 'VaccineGroup' is not 
defined

=========================================
=============================
ERROR: test_series_fixture_starts_without
_dtp_legacy_group (tests.test_series_poli
cy_slice.TestSeriesBackedDTP.test_series_
fixture_starts_without_dtp_legacy_group)
-----------------------------------------
-----------------------------
Traceback (most recent call last):
  File "C:\Users\admiralTOUFIK\PNI\tests\
test_series_policy_slice.py", line 33, 
in test_series_fixture_starts_without_dtp
_legacy_group
    self.assertIsNone(self.dtp_group)
                      ^^^^^^^^^^^^^^
AttributeError: 'TestSeriesBackedDTP' 
object has no attribute 'dtp_group'

=========================================
=============================
ERROR: test_series_owned_group_is_not_dou
ble_evaluated_when_bridge_is_removed (tes
ts.test_series_policy_slice.TestSeriesBac
kedDTP.test_series_owned_group_is_not_dou
ble_evaluated_when_bridge_is_removed)
-----------------------------------------
-----------------------------
Traceback (most recent call last):
  File "C:\Users\admiralTOUFIK\PNI\tests\
test_series_policy_slice.py", line 37, 
in test_series_owned_group_is_not_double_
evaluated_when_bridge_is_removed
    self.dtp_series.save(update_fields=['
legacy_group'])
    ~~~~~~~~~~~~~~~~~~~~^^^^^^^^^^^^^^^^^
^^^^^^^^^^^^^^^
  File "C:\Users\admiralTOUFIK\PNI\vaccin
es\models.py", line 115, in save
    super().save(*args, **kwargs)
    ~~~~~~~~~~~~^^^^^^^^^^^^^^^^^
  File "C:\Users\admiralTOUFIK\PNI\venv\L
ib\site-packages\django\db\models\base.py
", line 851, in save
    raise ValueError(
    ...<3 lines>...
    )
ValueError: The following fields do not 
exist in this model, are m2m fields, 
primary keys, or are non-concrete 
fields: legacy_group

=========================================
=============================
ERROR: test_series_recommendations_do_not
_depend_on_dtp_schedule_rules (tests.test
_series_policy_slice.TestSeriesBackedDTP.
test_series_recommendations_do_not_depend
_on_dtp_schedule_rules)
-----------------------------------------
-----------------------------
Traceback (most recent call last):
  File "C:\Users\admiralTOUFIK\PNI\tests\
test_series_policy_slice.py", line 47, 
in test_series_recommendations_do_not_dep
end_on_dtp_schedule_rules
    ScheduleRule.objects.filter(vaccine__
name__in=['Penta', 'DTC', 'Td']).delete()
    ^^^^^^^^^^^^
NameError: name 'ScheduleRule' is not 
defined

=========================================
=============================
ERROR: test_legacy_group_create_redirects
_without_writing (tests.test_settings_ui_
series.TestSeriesSettingsUI.test_legacy_g
roup_create_redirects_without_writing)
-----------------------------------------
-----------------------------
Traceback (most recent call last):
  File "C:\Users\admiralTOUFIK\PNI\tests\
test_settings_ui_series.py", line 460, 
in test_legacy_group_create_redirects_wit
hout_writing
    group_count = 
VaccineGroup.objects.count()
                  ^^^^^^^^^^^^
NameError: name 'VaccineGroup' is not 
defined

=========================================
=============================
ERROR: test_legacy_vaccine_create_redirec
ts_without_writing (tests.test_settings_u
i_series.TestSeriesSettingsUI.test_legacy
_vaccine_create_redirects_without_writing
)
-----------------------------------------
-----------------------------
Traceback (most recent call last):
  File "C:\Users\admiralTOUFIK\PNI\tests\
test_settings_ui_series.py", line 450, 
in test_legacy_vaccine_create_redirects_w
ithout_writing
    response = self.client.post(reverse('
vaccines:vaccine_create'), {
                                
~~~~~~~^^^^^^^^^^^^^^^^^^^^^^^^^^^
  File "C:\Users\admiralTOUFIK\PNI\venv\L
ib\site-packages\django\urls\base.py", 
line 98, in reverse
    resolved_url = 
resolver._reverse_with_prefix(view, 
prefix, *args, **kwargs)
  File "C:\Users\admiralTOUFIK\PNI\venv\L
ib\site-packages\django\urls\resolvers.py
", line 842, in _reverse_with_prefix
    raise NoReverseMatch(msg)
django.urls.exceptions.NoReverseMatch: 
Reverse for 'vaccine_create' not found. 
'vaccine_create' is not a valid view 
function or pattern name.

=========================================
=============================
ERROR: test_series_create_ignores_posted_
legacy_group_bridge (tests.test_settings_
ui_series.TestSeriesSettingsUI.test_serie
s_create_ignores_posted_legacy_group_brid
ge)
-----------------------------------------
-----------------------------
Traceback (most recent call last):
  File "C:\Users\admiralTOUFIK\PNI\tests\
test_settings_ui_series.py", line 136, 
in test_series_create_ignores_posted_lega
cy_group_bridge
    'legacy_group': 
str(self.dtp_group.pk),
                        ^^^^^^^^^^^^^^
AttributeError: 'TestSeriesSettingsUI' 
object has no attribute 'dtp_group'

=========================================
=============================
FAIL: test_scenario_17_bcg_400_day_old_ch
ild_gets_0.1ml_dose (tests.test_scenarios
.TestDynamicScenarios.test_scenario_17_bc
g_400_day_old_child_gets_0.1ml_dose)
-----------------------------------------
-----------------------------
Traceback (most recent call last):
  File "C:\Users\admiralTOUFIK\PNI\tests\
test_scenarios.py", line 53, in test
    self.assertIn(expected, 
actual_due_names, f"Fail: {expected} 
expected to be DUE in '{s['name']}'")
    ~~~~~~~~~~~~~^^^^^^^^^^^^^^^^^^^^^^^^
^^^^^^^^^^^^^^^^^^^^^^^^^^^^^^^^^^^^^^^^^
^^^^^^^^^^^^^^^^^^^^
AssertionError: 'BCG' not found in 
['Penta', 'RR'] : Fail: BCG expected to 
be DUE in 'BCG: 400 day old child gets 
0.1ml dose'

=========================================
=============================
FAIL: test_scenario_19_live_check_same-da
y_strict_invalid/upcoming (tests.test_sce
narios.TestDynamicScenarios.test_scenario
_19_live_check_same-day_strict_invalid/up
coming)
-----------------------------------------
-----------------------------
Traceback (most recent call last):
  File "C:\Users\admiralTOUFIK\PNI\tests\
test_scenarios.py", line 73, in test
    self.assertIn(expected, 
actual_missing, f"Fail: {expected} 
expected to be MISSING in '{s['name']}'")
    ~~~~~~~~~~~~~^^^^^^^^^^^^^^^^^^^^^^^^
^^^^^^^^^^^^^^^^^^^^^^^^^^^^^^^^^^^^^^^^^
^^^^^^^^^^^^^^^^^^^^^^
AssertionError: 'RR' not found in 
['Penta'] : Fail: RR expected to be 
MISSING in 'Live Check: Same-Day Strict 
(Invalid/Upcoming)'

=========================================
=============================
FAIL: test_scenario_20_live_check_day-1_v
iolation_invalid/upcoming (tests.test_sce
narios.TestDynamicScenarios.test_scenario
_20_live_check_day-1_violation_invalid/up
coming)
-----------------------------------------
-----------------------------
Traceback (most recent call last):
  File "C:\Users\admiralTOUFIK\PNI\tests\
test_scenarios.py", line 73, in test
    self.assertIn(expected, 
actual_missing, f"Fail: {expected} 
expected to be MISSING in '{s['name']}'")
    ~~~~~~~~~~~~~^^^^^^^^^^^^^^^^^^^^^^^^
^^^^^^^^^^^^^^^^^^^^^^^^^^^^^^^^^^^^^^^^^
^^^^^^^^^^^^^^^^^^^^^^
AssertionError: 'RR' not found in 
['Penta'] : Fail: RR expected to be 
MISSING in 'Live Check: Day-1 Violation 
(Invalid/Upcoming)'

=========================================
=============================
FAIL: test_legacy_group_tab_is_read_only 
(tests.test_settings_ui_series.TestSeries
SettingsUI.test_legacy_group_tab_is_read_
only)
-----------------------------------------
-----------------------------
Traceback (most recent call last):
  File "C:\Users\admiralTOUFIK\PNI\tests\
test_settings_ui_series.py", line 443, 
in test_legacy_group_tab_is_read_only
    self.assertContains(response, 
'Legacy groups are now read-only during 
the migration.')
    ~~~~~~~~~~~~~~~~~~~^^^^^^^^^^^^^^^^^^
^^^^^^^^^^^^^^^^^^^^^^^^^^^^^^^^^^^^^^^^^
^^^^^^^^
AssertionError: False is not true : 
Couldn't find 'Legacy groups are now 
read-only during the migration.' in the 
following response
b'<!DOCTYPE html>\n<html 
lang="en">\n\n<head>\n    <meta 
charset="UTF-8">\n    <meta 
name="viewport" 
content="width=device-width, 
initial-scale=1.0">\n    <title>Vaccine 
Settings</title>\n    <!-- Simple CDN 
for MVP styling -->\n    <link href="http
s://cdn.jsdelivr.net/npm/bootstrap@5.3.0-
alpha1/dist/css/bootstrap.min.css" 
rel="stylesheet">\n    <style>\n        
body {\n            padding-top: 2rem;\n 
           background-color: #f8f9fa;\n  
      }\n\n        .card {\n            
margin-bottom: 1rem;\n            
box-shadow: 0 4px 6px rgba(0, 0, 0, 
.05);\n        }\n    
</style>\n</head>\n\n<body>\n    <nav 
class="navbar navbar-expand-lg 
navbar-dark bg-primary fixed-top">\n     
   <div class="container">\n            
<a class="navbar-brand" 
href="/">VaxApp</a>\n            <button 
class="navbar-toggler" type="button" 
data-bs-toggle="collapse" 
data-bs-target="#navbarNav"\n            
    aria-controls="navbarNav" 
aria-expanded="false" aria-label="Toggle 
navigation">\n                <span 
class="navbar-toggler-icon"></span>\n    
        </button>\n            <div 
class="collapse navbar-collapse" 
id="navbarNav">\n                <ul 
class="navbar-nav me-auto">\n            
        <li class="nav-item"><a 
class="nav-link" 
href="/">Dashboard</a></li>\n            
        <li class="nav-item"><a 
class="nav-link" 
href="/register/">Register Child</a>\n   
                 </li>\n                 
   <li class="nav-item"><a 
class="nav-link" href="/vaccines/settings
/">Settings</a></li>\n                
</ul>\n            </div>\n        
</div>\n    </nav>\n    <div 
class="container mt-5">\n        \n      
  \n<style>\n    .settings-header { 
background: linear-gradient(135deg, 
#204a87 0%, #2f855a 100%); color: white; 
border-radius: 12px; padding: 1.5rem 
2rem; margin-bottom: 1.5rem; }\n    
.settings-header h2 { margin: 0; 
font-weight: 700; }\n    
.settings-header p { margin: 0.25rem 0 
0; opacity: 0.9; }\n    .nav-tabs 
.nav-link { font-weight: 600; color: 
#555; border: none; border-bottom: 3px 
solid transparent; padding: 0.75rem 
1.25rem; transition: all 0.2s; }\n    
.nav-tabs .nav-link:hover { color: 
#204a87; border-bottom-color: #b7c3d0; 
}\n    .nav-tabs .nav-link.active { 
color: #204a87; border-bottom-color: 
#204a87; background: transparent; }\n    
.entity-card { border: 1px solid 
#dbe4ee; border-radius: 12px; 
margin-bottom: 1rem; overflow: hidden; 
}\n    .entity-card .card-header { 
background: #f6f8fb; border-bottom: 1px 
solid #dbe4ee; padding: 0.85rem 1.25rem; 
display: flex; justify-content: 
space-between; align-items: center; gap: 
1rem; }\n    .entity-card .card-header 
h5 { margin: 0; font-weight: 700; color: 
#22303c; }\n    .entity-card .card-body 
{ padding: 1rem 1.25rem; }\n    
.badge-chip { background: #204a87; 
color: white; font-size: 0.75rem; }\n    
.badge-soft { background: #e8f1fb; 
color: #204a87; font-size: 0.75rem; }\n  
  .badge-live { background: #b83280; 
color: white; }\n    .badge-inactive { 
background: #718096; color: white; }\n   
 .badge-unavailable { background: 
#c05621; color: white; }\n    
.badge-legacy { background: #dd6b20; 
color: white; }\n    .rule-table { 
font-size: 0.85rem; margin-bottom: 0; 
}\n    .rule-table th { background: 
#eef3f8; font-weight: 700; font-size: 
0.74rem; text-transform: uppercase; 
letter-spacing: 0.4px; color: #4a5568; 
}\n    .btn-add { background: 
linear-gradient(135deg, #204a87 0%, 
#2f855a 100%); color: white; border: 
none; border-radius: 8px; padding: 
0.55rem 1.25rem; font-weight: 600; }\n   
 .btn-add:hover { opacity: 0.92; color: 
white; }\n    .btn-edit { color: 
#204a87; border: 1px solid #204a87; 
border-radius: 6px; font-size: 0.8rem; 
padding: 0.2rem 0.6rem; }\n    
.btn-edit:hover { background: #204a87; 
color: white; }\n    .btn-delete { 
color: #c53030; border: 1px solid 
#c53030; border-radius: 6px; font-size: 
0.8rem; padding: 0.2rem 0.6rem; }\n    
.btn-delete:hover { background: #c53030; 
color: white; }\n    .empty-state { 
text-align: center; padding: 3rem; 
color: #7a8794; border: 1px dashed 
#cbd5e0; border-radius: 12px; 
background: #fbfdff; }\n    .info-box { 
background: #edf7f2; border: 1px solid 
#9ed8bf; border-radius: 10px; padding: 
0.85rem 1rem; margin-bottom: 1rem; 
font-size: 0.92rem; color: #234e52; }\n  
  .warn-box { background: #fff7e6; 
border: 1px solid #f6c56f; 
border-radius: 10px; padding: 0.85rem 
1rem; margin-bottom: 1rem; font-size: 
0.92rem; color: #7b341e; }\n    
.guide-step { background: #f7fafc; 
border-left: 4px solid #204a87; 
border-radius: 8px; padding: 0.9rem 
1rem; margin-bottom: 0.75rem; }\n    
.guide-step strong { color: #204a87; }\n 
   .inline-chips span { margin-right: 
0.35rem; margin-bottom: 0.35rem; 
display: inline-block; 
}\n</style>\n\n<div class="pt-3">\n    
<div class="settings-header">\n        
<h2>Vaccine Policy Settings</h2>\n       
 <p>Manage concrete products, clinical 
series, policy versions, slot 
dependencies, legacy policies, and the 
transition to the new scheduling 
model.</p>\n    </div>\n\n    \n    <div 
class="info-box">Active policy version: 
<strong>Series Policy v1</strong> <span c
lass="text-muted">(series-policy-v1)</spa
n></div>\n    \n\n    <ul class="nav 
nav-tabs mb-3" id="settingsTabs">\n      
  <li class="nav-item"><a 
class="nav-link active" href="/vaccines/s
ettings/products/">Products</a></li>\n   
     <li class="nav-item"><a 
class="nav-link " href="/vaccines/setting
s/series/">Series</a></li>\n        <li 
class="nav-item"><a class="nav-link " hre
f="/vaccines/settings/dependencies/">Depe
ndencies</a></li>\n        <li 
class="nav-item"><a class="nav-link " hre
f="/vaccines/settings/constraints/">Globa
l Constraints</a></li>\n        <li 
class="nav-item"><a class="nav-link " hre
f="/vaccines/settings/versions/">Versions
</a></li>\n        <li 
class="nav-item"><a class="nav-link " hre
f="/vaccines/settings/guide/">Guide</a></
li>\n    </ul>\n\n    \n    <div 
class="d-flex justify-content-between 
align-items-center mb-3">\n        
<div>\n            <h4 class="mb-1" 
style="font-weight:700; 
color:#22303c;">Product Catalog</h4>\n   
         <p class="text-muted 
mb-0">Concrete administered products and 
brands that can be attached to clinical 
series.</p>\n        </div>\n        <a 
href="/vaccines/settings/product/new/" 
class="btn btn-add">+ Add Product</a>\n  
  </div>\n\n    <div class="info-box">\n 
       Products now carry both policy 
activation and current availability. 
Availability is used when multiple 
clinically valid products exist for the 
same series slot.\n    </div>\n\n    \n  
  \n    <div class="entity-card card">\n 
       <div class="card-header">\n       
     <div>\n                <h5 
class="d-inline">BCG</h5>\n              
  <span class="badge badge-soft 
ms-2">bcg</span>\n                <span 
class="badge badge-live 
ms-1">Live</span>\n                \n    
            <span class="badge 
badge-chip ms-1">Available</span>\n      
      </div>\n            <div>\n        
        <a href="/vaccines/settings/produ
ct/5/edit/" class="btn 
btn-edit">Edit</a>\n                <a hr
ef="/vaccines/settings/product/5/delete/"
 class="btn btn-delete 
ms-1">Delete</a>\n            </div>\n   
     </div>\n        <div 
class="card-body">\n            <div 
class="row g-3">\n                <div 
class="col-md-4"><div class="text-muted 
small text-uppercase fw-bold mb-1">Manufa
cturer</div><div>-</div></div>\n         
       <div class="col-md-4"><div 
class="text-muted small text-uppercase 
fw-bold mb-1">Linked Series</div><div 
class="inline-chips"><span class="badge 
badge-chip">BCG 
Series</span></div></div>\n              
  <div class="col-md-4"><div 
class="text-muted small text-uppercase 
fw-bold mb-1">Legacy 
Vaccine</div><div>BCG</div></div>\n      
      </div>\n            \n        
</div>\n    </div>\n    \n    <div 
class="entity-card card">\n        <div 
class="card-header">\n            
<div>\n                <h5 
class="d-inline">DTC</h5>\n              
  <span class="badge badge-soft 
ms-2">dtc</span>\n                \n     
           \n                <span 
class="badge badge-chip 
ms-1">Available</span>\n            
</div>\n            <div>\n              
  <a href="/vaccines/settings/product/2/e
dit/" class="btn btn-edit">Edit</a>\n    
            <a href="/vaccines/settings/p
roduct/2/delete/" class="btn btn-delete 
ms-1">Delete</a>\n            </div>\n   
     </div>\n        <div 
class="card-body">\n            <div 
class="row g-3">\n                <div 
class="col-md-4"><div class="text-muted 
small text-uppercase fw-bold mb-1">Manufa
cturer</div><div>-</div></div>\n         
       <div class="col-md-4"><div 
class="text-muted small text-uppercase 
fw-bold mb-1">Linked Series</div><div 
class="inline-chips"><span class="badge 
badge-chip">DTP 
Family</span></div></div>\n              
  <div class="col-md-4"><div 
class="text-muted small text-uppercase 
fw-bold mb-1">Legacy 
Vaccine</div><div>DTC</div></div>\n      
      </div>\n            \n        
</div>\n    </div>\n    \n    <div 
class="entity-card card">\n        <div 
class="card-header">\n            
<div>\n                <h5 
class="d-inline">Penta</h5>\n            
    <span class="badge badge-soft 
ms-2">penta</span>\n                \n   
             \n                <span 
class="badge badge-chip 
ms-1">Available</span>\n            
</div>\n            <div>\n              
  <a href="/vaccines/settings/product/1/e
dit/" class="btn btn-edit">Edit</a>\n    
            <a href="/vaccines/settings/p
roduct/1/delete/" class="btn btn-delete 
ms-1">Delete</a>\n            </div>\n   
     </div>\n        <div 
class="card-body">\n            <div 
class="row g-3">\n                <div 
class="col-md-4"><div class="text-muted 
small text-uppercase fw-bold mb-1">Manufa
cturer</div><div>-</div></div>\n         
       <div class="col-md-4"><div 
class="text-muted small text-uppercase 
fw-bold mb-1">Linked Series</div><div 
class="inline-chips"><span class="badge 
badge-chip">DTP 
Family</span></div></div>\n              
  <div class="col-md-4"><div 
class="text-muted small text-uppercase 
fw-bold mb-1">Legacy 
Vaccine</div><div>Penta</div></div>\n    
        </div>\n            \n        
</div>\n    </div>\n    \n    <div 
class="entity-card card">\n        <div 
class="card-header">\n            
<div>\n                <h5 
class="d-inline">RR</h5>\n               
 <span class="badge badge-soft 
ms-2">rr</span>\n                <span 
class="badge badge-live 
ms-1">Live</span>\n                \n    
            <span class="badge 
badge-chip ms-1">Available</span>\n      
      </div>\n            <div>\n        
        <a href="/vaccines/settings/produ
ct/4/edit/" class="btn 
btn-edit">Edit</a>\n                <a hr
ef="/vaccines/settings/product/4/delete/"
 class="btn btn-delete 
ms-1">Delete</a>\n            </div>\n   
     </div>\n        <div 
class="card-body">\n            <div 
class="row g-3">\n                <div 
class="col-md-4"><div class="text-muted 
small text-uppercase fw-bold mb-1">Manufa
cturer</div><div>-</div></div>\n         
       <div class="col-md-4"><div 
class="text-muted small text-uppercase 
fw-bold mb-1">Linked Series</div><div 
class="inline-chips"><span class="badge 
badge-chip">RR 
Series</span></div></div>\n              
  <div class="col-md-4"><div 
class="text-muted small text-uppercase 
fw-bold mb-1">Legacy 
Vaccine</div><div>RR</div></div>\n       
     </div>\n            \n        
</div>\n    </div>\n    \n    <div 
class="entity-card card">\n        <div 
class="card-header">\n            
<div>\n                <h5 
class="d-inline">Td</h5>\n               
 <span class="badge badge-soft 
ms-2">td</span>\n                \n      
          \n                <span 
class="badge badge-chip 
ms-1">Available</span>\n            
</div>\n            <div>\n              
  <a href="/vaccines/settings/product/3/e
dit/" class="btn btn-edit">Edit</a>\n    
            <a href="/vaccines/settings/p
roduct/3/delete/" class="btn btn-delete 
ms-1">Delete</a>\n            </div>\n   
     </div>\n        <div 
class="card-body">\n            <div 
class="row g-3">\n                <div 
class="col-md-4"><div class="text-muted 
small text-uppercase fw-bold mb-1">Manufa
cturer</div><div>-</div></div>\n         
       <div class="col-md-4"><div 
class="text-muted small text-uppercase 
fw-bold mb-1">Linked Series</div><div 
class="inline-chips"><span class="badge 
badge-chip">DTP 
Family</span></div></div>\n              
  <div class="col-md-4"><div 
class="text-muted small text-uppercase 
fw-bold mb-1">Legacy 
Vaccine</div><div>Td</div></div>\n       
     </div>\n            \n        
</div>\n    </div>\n    \n    \n\n    
\n</div>\n\n    </div>\n    <script src="
https://cdn.jsdelivr.net/npm/bootstrap@5.
3.0-alpha1/dist/js/bootstrap.bundle.min.j
s"></script>\n</body>\n\n</html>'

=========================================
=============================
FAIL: 
test_legacy_vaccine_tab_is_read_only (tes
ts.test_settings_ui_series.TestSeriesSett
ingsUI.test_legacy_vaccine_tab_is_read_on
ly)
-----------------------------------------
-----------------------------
Traceback (most recent call last):
  File "C:\Users\admiralTOUFIK\PNI\tests\
test_settings_ui_series.py", line 435, 
in test_legacy_vaccine_tab_is_read_only
    self.assertContains(response, 
'Legacy vaccines are now read-only 
during the migration.')
    ~~~~~~~~~~~~~~~~~~~^^^^^^^^^^^^^^^^^^
^^^^^^^^^^^^^^^^^^^^^^^^^^^^^^^^^^^^^^^^^
^^^^^^^^^^
AssertionError: False is not true : 
Couldn't find 'Legacy vaccines are now 
read-only during the migration.' in the 
following response
b'<!DOCTYPE html>\n<html 
lang="en">\n\n<head>\n    <meta 
charset="UTF-8">\n    <meta 
name="viewport" 
content="width=device-width, 
initial-scale=1.0">\n    <title>Vaccine 
Settings</title>\n    <!-- Simple CDN 
for MVP styling -->\n    <link href="http
s://cdn.jsdelivr.net/npm/bootstrap@5.3.0-
alpha1/dist/css/bootstrap.min.css" 
rel="stylesheet">\n    <style>\n        
body {\n            padding-top: 2rem;\n 
           background-color: #f8f9fa;\n  
      }\n\n        .card {\n            
margin-bottom: 1rem;\n            
box-shadow: 0 4px 6px rgba(0, 0, 0, 
.05);\n        }\n    
</style>\n</head>\n\n<body>\n    <nav 
class="navbar navbar-expand-lg 
navbar-dark bg-primary fixed-top">\n     
   <div class="container">\n            
<a class="navbar-brand" 
href="/">VaxApp</a>\n            <button 
class="navbar-toggler" type="button" 
data-bs-toggle="collapse" 
data-bs-target="#navbarNav"\n            
    aria-controls="navbarNav" 
aria-expanded="false" aria-label="Toggle 
navigation">\n                <span 
class="navbar-toggler-icon"></span>\n    
        </button>\n            <div 
class="collapse navbar-collapse" 
id="navbarNav">\n                <ul 
class="navbar-nav me-auto">\n            
        <li class="nav-item"><a 
class="nav-link" 
href="/">Dashboard</a></li>\n            
        <li class="nav-item"><a 
class="nav-link" 
href="/register/">Register Child</a>\n   
                 </li>\n                 
   <li class="nav-item"><a 
class="nav-link" href="/vaccines/settings
/">Settings</a></li>\n                
</ul>\n            </div>\n        
</div>\n    </nav>\n    <div 
class="container mt-5">\n        \n      
  \n<style>\n    .settings-header { 
background: linear-gradient(135deg, 
#204a87 0%, #2f855a 100%); color: white; 
border-radius: 12px; padding: 1.5rem 
2rem; margin-bottom: 1.5rem; }\n    
.settings-header h2 { margin: 0; 
font-weight: 700; }\n    
.settings-header p { margin: 0.25rem 0 
0; opacity: 0.9; }\n    .nav-tabs 
.nav-link { font-weight: 600; color: 
#555; border: none; border-bottom: 3px 
solid transparent; padding: 0.75rem 
1.25rem; transition: all 0.2s; }\n    
.nav-tabs .nav-link:hover { color: 
#204a87; border-bottom-color: #b7c3d0; 
}\n    .nav-tabs .nav-link.active { 
color: #204a87; border-bottom-color: 
#204a87; background: transparent; }\n    
.entity-card { border: 1px solid 
#dbe4ee; border-radius: 12px; 
margin-bottom: 1rem; overflow: hidden; 
}\n    .entity-card .card-header { 
background: #f6f8fb; border-bottom: 1px 
solid #dbe4ee; padding: 0.85rem 1.25rem; 
display: flex; justify-content: 
space-between; align-items: center; gap: 
1rem; }\n    .entity-card .card-header 
h5 { margin: 0; font-weight: 700; color: 
#22303c; }\n    .entity-card .card-body 
{ padding: 1rem 1.25rem; }\n    
.badge-chip { background: #204a87; 
color: white; font-size: 0.75rem; }\n    
.badge-soft { background: #e8f1fb; 
color: #204a87; font-size: 0.75rem; }\n  
  .badge-live { background: #b83280; 
color: white; }\n    .badge-inactive { 
background: #718096; color: white; }\n   
 .badge-unavailable { background: 
#c05621; color: white; }\n    
.badge-legacy { background: #dd6b20; 
color: white; }\n    .rule-table { 
font-size: 0.85rem; margin-bottom: 0; 
}\n    .rule-table th { background: 
#eef3f8; font-weight: 700; font-size: 
0.74rem; text-transform: uppercase; 
letter-spacing: 0.4px; color: #4a5568; 
}\n    .btn-add { background: 
linear-gradient(135deg, #204a87 0%, 
#2f855a 100%); color: white; border: 
none; border-radius: 8px; padding: 
0.55rem 1.25rem; font-weight: 600; }\n   
 .btn-add:hover { opacity: 0.92; color: 
white; }\n    .btn-edit { color: 
#204a87; border: 1px solid #204a87; 
border-radius: 6px; font-size: 0.8rem; 
padding: 0.2rem 0.6rem; }\n    
.btn-edit:hover { background: #204a87; 
color: white; }\n    .btn-delete { 
color: #c53030; border: 1px solid 
#c53030; border-radius: 6px; font-size: 
0.8rem; padding: 0.2rem 0.6rem; }\n    
.btn-delete:hover { background: #c53030; 
color: white; }\n    .empty-state { 
text-align: center; padding: 3rem; 
color: #7a8794; border: 1px dashed 
#cbd5e0; border-radius: 12px; 
background: #fbfdff; }\n    .info-box { 
background: #edf7f2; border: 1px solid 
#9ed8bf; border-radius: 10px; padding: 
0.85rem 1rem; margin-bottom: 1rem; 
font-size: 0.92rem; color: #234e52; }\n  
  .warn-box { background: #fff7e6; 
border: 1px solid #f6c56f; 
border-radius: 10px; padding: 0.85rem 
1rem; margin-bottom: 1rem; font-size: 
0.92rem; color: #7b341e; }\n    
.guide-step { background: #f7fafc; 
border-left: 4px solid #204a87; 
border-radius: 8px; padding: 0.9rem 
1rem; margin-bottom: 0.75rem; }\n    
.guide-step strong { color: #204a87; }\n 
   .inline-chips span { margin-right: 
0.35rem; margin-bottom: 0.35rem; 
display: inline-block; 
}\n</style>\n\n<div class="pt-3">\n    
<div class="settings-header">\n        
<h2>Vaccine Policy Settings</h2>\n       
 <p>Manage concrete products, clinical 
series, policy versions, slot 
dependencies, legacy policies, and the 
transition to the new scheduling 
model.</p>\n    </div>\n\n    \n    <div 
class="info-box">Active policy version: 
<strong>Series Policy v1</strong> <span c
lass="text-muted">(series-policy-v1)</spa
n></div>\n    \n\n    <ul class="nav 
nav-tabs mb-3" id="settingsTabs">\n      
  <li class="nav-item"><a 
class="nav-link active" href="/vaccines/s
ettings/products/">Products</a></li>\n   
     <li class="nav-item"><a 
class="nav-link " href="/vaccines/setting
s/series/">Series</a></li>\n        <li 
class="nav-item"><a class="nav-link " hre
f="/vaccines/settings/dependencies/">Depe
ndencies</a></li>\n        <li 
class="nav-item"><a class="nav-link " hre
f="/vaccines/settings/constraints/">Globa
l Constraints</a></li>\n        <li 
class="nav-item"><a class="nav-link " hre
f="/vaccines/settings/versions/">Versions
</a></li>\n        <li 
class="nav-item"><a class="nav-link " hre
f="/vaccines/settings/guide/">Guide</a></
li>\n    </ul>\n\n    \n    <div 
class="d-flex justify-content-between 
align-items-center mb-3">\n        
<div>\n            <h4 class="mb-1" 
style="font-weight:700; 
color:#22303c;">Product Catalog</h4>\n   
         <p class="text-muted 
mb-0">Concrete administered products and 
brands that can be attached to clinical 
series.</p>\n        </div>\n        <a 
href="/vaccines/settings/product/new/" 
class="btn btn-add">+ Add Product</a>\n  
  </div>\n\n    <div class="info-box">\n 
       Products now carry both policy 
activation and current availability. 
Availability is used when multiple 
clinically valid products exist for the 
same series slot.\n    </div>\n\n    \n  
  \n    <div class="entity-card card">\n 
       <div class="card-header">\n       
     <div>\n                <h5 
class="d-inline">BCG</h5>\n              
  <span class="badge badge-soft 
ms-2">bcg</span>\n                <span 
class="badge badge-live 
ms-1">Live</span>\n                \n    
            <span class="badge 
badge-chip ms-1">Available</span>\n      
      </div>\n            <div>\n        
        <a href="/vaccines/settings/produ
ct/5/edit/" class="btn 
btn-edit">Edit</a>\n                <a hr
ef="/vaccines/settings/product/5/delete/"
 class="btn btn-delete 
ms-1">Delete</a>\n            </div>\n   
     </div>\n        <div 
class="card-body">\n            <div 
class="row g-3">\n                <div 
class="col-md-4"><div class="text-muted 
small text-uppercase fw-bold mb-1">Manufa
cturer</div><div>-</div></div>\n         
       <div class="col-md-4"><div 
class="text-muted small text-uppercase 
fw-bold mb-1">Linked Series</div><div 
class="inline-chips"><span class="badge 
badge-chip">BCG 
Series</span></div></div>\n              
  <div class="col-md-4"><div 
class="text-muted small text-uppercase 
fw-bold mb-1">Legacy 
Vaccine</div><div>BCG</div></div>\n      
      </div>\n            \n        
</div>\n    </div>\n    \n    <div 
class="entity-card card">\n        <div 
class="card-header">\n            
<div>\n                <h5 
class="d-inline">DTC</h5>\n              
  <span class="badge badge-soft 
ms-2">dtc</span>\n                \n     
           \n                <span 
class="badge badge-chip 
ms-1">Available</span>\n            
</div>\n            <div>\n              
  <a href="/vaccines/settings/product/2/e
dit/" class="btn btn-edit">Edit</a>\n    
            <a href="/vaccines/settings/p
roduct/2/delete/" class="btn btn-delete 
ms-1">Delete</a>\n            </div>\n   
     </div>\n        <div 
class="card-body">\n            <div 
class="row g-3">\n                <div 
class="col-md-4"><div class="text-muted 
small text-uppercase fw-bold mb-1">Manufa
cturer</div><div>-</div></div>\n         
       <div class="col-md-4"><div 
class="text-muted small text-uppercase 
fw-bold mb-1">Linked Series</div><div 
class="inline-chips"><span class="badge 
badge-chip">DTP 
Family</span></div></div>\n              
  <div class="col-md-4"><div 
class="text-muted small text-uppercase 
fw-bold mb-1">Legacy 
Vaccine</div><div>DTC</div></div>\n      
      </div>\n            \n        
</div>\n    </div>\n    \n    <div 
class="entity-card card">\n        <div 
class="card-header">\n            
<div>\n                <h5 
class="d-inline">Penta</h5>\n            
    <span class="badge badge-soft 
ms-2">penta</span>\n                \n   
             \n                <span 
class="badge badge-chip 
ms-1">Available</span>\n            
</div>\n            <div>\n              
  <a href="/vaccines/settings/product/1/e
dit/" class="btn btn-edit">Edit</a>\n    
            <a href="/vaccines/settings/p
roduct/1/delete/" class="btn btn-delete 
ms-1">Delete</a>\n            </div>\n   
     </div>\n        <div 
class="card-body">\n            <div 
class="row g-3">\n                <div 
class="col-md-4"><div class="text-muted 
small text-uppercase fw-bold mb-1">Manufa
cturer</div><div>-</div></div>\n         
       <div class="col-md-4"><div 
class="text-muted small text-uppercase 
fw-bold mb-1">Linked Series</div><div 
class="inline-chips"><span class="badge 
badge-chip">DTP 
Family</span></div></div>\n              
  <div class="col-md-4"><div 
class="text-muted small text-uppercase 
fw-bold mb-1">Legacy 
Vaccine</div><div>Penta</div></div>\n    
        </div>\n            \n        
</div>\n    </div>\n    \n    <div 
class="entity-card card">\n        <div 
class="card-header">\n            
<div>\n                <h5 
class="d-inline">RR</h5>\n               
 <span class="badge badge-soft 
ms-2">rr</span>\n                <span 
class="badge badge-live 
ms-1">Live</span>\n                \n    
            <span class="badge 
badge-chip ms-1">Available</span>\n      
      </div>\n            <div>\n        
        <a href="/vaccines/settings/produ
ct/4/edit/" class="btn 
btn-edit">Edit</a>\n                <a hr
ef="/vaccines/settings/product/4/delete/"
 class="btn btn-delete 
ms-1">Delete</a>\n            </div>\n   
     </div>\n        <div 
class="card-body">\n            <div 
class="row g-3">\n                <div 
class="col-md-4"><div class="text-muted 
small text-uppercase fw-bold mb-1">Manufa
cturer</div><div>-</div></div>\n         
       <div class="col-md-4"><div 
class="text-muted small text-uppercase 
fw-bold mb-1">Linked Series</div><div 
class="inline-chips"><span class="badge 
badge-chip">RR 
Series</span></div></div>\n              
  <div class="col-md-4"><div 
class="text-muted small text-uppercase 
fw-bold mb-1">Legacy 
Vaccine</div><div>RR</div></div>\n       
     </div>\n            \n        
</div>\n    </div>\n    \n    <div 
class="entity-card card">\n        <div 
class="card-header">\n            
<div>\n                <h5 
class="d-inline">Td</h5>\n               
 <span class="badge badge-soft 
ms-2">td</span>\n                \n      
          \n                <span 
class="badge badge-chip 
ms-1">Available</span>\n            
</div>\n            <div>\n              
  <a href="/vaccines/settings/product/3/e
dit/" class="btn btn-edit">Edit</a>\n    
            <a href="/vaccines/settings/p
roduct/3/delete/" class="btn btn-delete 
ms-1">Delete</a>\n            </div>\n   
     </div>\n        <div 
class="card-body">\n            <div 
class="row g-3">\n                <div 
class="col-md-4"><div class="text-muted 
small text-uppercase fw-bold mb-1">Manufa
cturer</div><div>-</div></div>\n         
       <div class="col-md-4"><div 
class="text-muted small text-uppercase 
fw-bold mb-1">Linked Series</div><div 
class="inline-chips"><span class="badge 
badge-chip">DTP 
Family</span></div></div>\n              
  <div class="col-md-4"><div 
class="text-muted small text-uppercase 
fw-bold mb-1">Legacy 
Vaccine</div><div>Td</div></div>\n       
     </div>\n            \n        
</div>\n    </div>\n    \n    \n\n    
\n</div>\n\n    </div>\n    <script src="
https://cdn.jsdelivr.net/npm/bootstrap@5.
3.0-alpha1/dist/js/bootstrap.bundle.min.j
s"></script>\n</body>\n\n</html>'

=========================================
=============================
FAIL: test_rr_dose_max_age_enforced_via_s
eries_rule (tests.test_validation.TestMax
AgeValidation.test_rr_dose_max_age_enforc
ed_via_series_rule)
Standard vaccine given after max_age is 
flagged too_late.
-----------------------------------------
-----------------------------
Traceback (most recent call last):
  File "C:\Users\admiralTOUFIK\PNI\tests\
test_validation.py", line 98, in test_rr_
dose_max_age_enforced_via_series_rule
    self.assertTrue(d1.invalid_flag)
    ~~~~~~~~~~~~~~~^^^^^^^^^^^^^^^^^
AssertionError: False is not true

Found 113 test(s).
System check identified no issues (0 silenced).
-----------------------------------------
-----------------------------
Ran 113 tests in 10.768s

FAILED (failures=6, errors=16)
Destroying test database for alias 
'default'...

